../X-CUBE-AI/App/pb_encode.c:72:25:buf_write	8	static
../X-CUBE-AI/App/pb_encode.c:215:13:pb_check_proto3_default_value	32	static
../X-CUBE-AI/App/pb_encode.c:84:14:pb_ostream_from_buffer	8	static
../X-CUBE-AI/App/pb_encode.c:101:18:pb_write	24	static
../X-CUBE-AI/App/pb_encode.c:574:18:pb_encode_varint	32	static
../X-CUBE-AI/App/pb_encode.c:757:25:pb_enc_uvarint	0	static
../X-CUBE-AI/App/pb_encode.c:734:25:pb_enc_varint	0	static
../X-CUBE-AI/App/pb_encode.c:596:18:pb_encode_svarint	4	static
../X-CUBE-AI/App/pb_encode.c:775:25:pb_enc_svarint	0	static
../X-CUBE-AI/App/pb_encode.c:607:18:pb_encode_fixed32	16	static
../X-CUBE-AI/App/pb_encode.c:804:25:pb_enc_fixed32	0	static
../X-CUBE-AI/App/pb_encode.c:619:18:pb_encode_fixed64	16	static
../X-CUBE-AI/App/pb_encode.c:793:25:pb_enc_fixed64	0	static
../X-CUBE-AI/App/pb_encode.c:635:18:pb_encode_tag	0	static
../X-CUBE-AI/App/pb_encode.c:641:18:pb_encode_tag_for_field	0	static
../X-CUBE-AI/App/pb_encode.c:416:25:encode_field	56	static
../X-CUBE-AI/App/pb_encode.c:494:18:pb_encode	40	static
../X-CUBE-AI/App/pb_encode.c:523:6:pb_encode_nullterminated	16	static
../X-CUBE-AI/App/pb_encode.c:533:6:pb_get_encoded_size	40	static
../X-CUBE-AI/App/pb_encode.c:674:18:pb_encode_string	24	static
../X-CUBE-AI/App/pb_encode.c:865:25:pb_enc_fixed_length_bytes	0	static
../X-CUBE-AI/App/pb_encode.c:831:25:pb_enc_string	4	static
../X-CUBE-AI/App/pb_encode.c:810:25:pb_enc_bytes	12	static
../X-CUBE-AI/App/pb_encode.c:682:18:pb_encode_submessage	48	static
../X-CUBE-AI/App/pb_encode.c:857:25:pb_enc_submessage	0	static
../X-CUBE-AI/App/pb_encode.c:518:6:pb_encode_delimited	0	static
