../X-CUBE-AI/App/pb_decode.c:85:25:buf_read	8	static
../X-CUBE-AI/App/pb_decode.c:812:13:pb_field_set_to_default	40	static
../X-CUBE-AI/App/pb_decode.c:884:13:pb_message_set_to_defaults	32	static
../X-CUBE-AI/App/pb_decode.c:136:25:pb_readbyte	8	static
../X-CUBE-AI/App/pb_decode.c:182:25:pb_decode_varint32_eof	32	static
../X-CUBE-AI/App/pb_decode.c:100:18:pb_read	32	static
../X-CUBE-AI/App/pb_decode.c:154:14:pb_istream_from_buffer	8	static
../X-CUBE-AI/App/pb_decode.c:244:18:pb_decode_varint32	0	static
../X-CUBE-AI/App/pb_decode.c:1487:25:pb_dec_fixed_length_bytes	32	static
../X-CUBE-AI/App/pb_decode.c:1428:25:pb_dec_string	32	static
../X-CUBE-AI/App/pb_decode.c:1391:25:pb_dec_bytes	24	static
../X-CUBE-AI/App/pb_decode.c:250:18:pb_decode_varint	32	static
../X-CUBE-AI/App/pb_decode.c:1326:25:pb_dec_uvarint	24	static
../X-CUBE-AI/App/pb_decode.c:1289:25:pb_dec_varint	24	static
../X-CUBE-AI/App/pb_decode.c:293:18:pb_decode_tag	32	static
../X-CUBE-AI/App/pb_decode.c:316:18:pb_skip_field	16	static
../X-CUBE-AI/App/pb_decode.c:367:18:pb_make_string_substream	24	static
../X-CUBE-AI/App/pb_decode.c:382:18:pb_close_string_substream	16	static
../X-CUBE-AI/App/pb_decode.c:707:25:decode_field	64	static
../X-CUBE-AI/App/pb_decode.c:901:18:pb_decode_noinit	104	static
../X-CUBE-AI/App/pb_decode.c:1051:18:pb_decode	24	static
../X-CUBE-AI/App/pb_decode.c:1463:25:pb_dec_submessage	48	static
../X-CUBE-AI/App/pb_decode.c:1065:6:pb_decode_delimited_noinit	40	static
../X-CUBE-AI/App/pb_decode.c:1080:6:pb_decode_delimited	40	static
../X-CUBE-AI/App/pb_decode.c:1095:6:pb_decode_nullterminated	0	static
../X-CUBE-AI/App/pb_decode.c:1240:6:pb_decode_svarint	16	static
../X-CUBE-AI/App/pb_decode.c:1350:25:pb_dec_svarint	24	static
../X-CUBE-AI/App/pb_decode.c:1254:6:pb_decode_fixed32	16	static
../X-CUBE-AI/App/pb_decode.c:1374:25:pb_dec_fixed32	0	static
../X-CUBE-AI/App/pb_decode.c:1269:6:pb_decode_fixed64	16	static
../X-CUBE-AI/App/pb_decode.c:1380:25:pb_dec_fixed64	0	static
