../X-CUBE-AI/App/aiPbMgr.c:202:13:aiPbBuffer_read_cb3	32	static
../X-CUBE-AI/App/aiPbMgr.c:265:13:aiPbBuffer_write_cb3	32	static
../X-CUBE-AI/App/aiPbMgr.c:333:13:aiPbMgrSetMetaInfo.constprop	8	static
../X-CUBE-AI/App/aiPbMgr.c:445:13:init_aibuffer_msg	8	static
../X-CUBE-AI/App/aiPbMgr.c:477:13:nn_shape_w_cb	56	static
../X-CUBE-AI/App/aiPbMgr.c:505:13:nn_outputs_w_cb	0	static
../X-CUBE-AI/App/aiPbMgr.c:494:13:nn_inputs_w_cb	0	static
../X-CUBE-AI/App/aiPbMgr.c:46:6:aiPbMgrInit	64	static
../X-CUBE-AI/App/aiPbMgr.c:103:6:aiPbMgrSendResp	8	static
../X-CUBE-AI/App/aiPbMgr.c:72:5:aiPbMgrWaitAndProcess	16	static
../X-CUBE-AI/App/aiPbMgr.c:112:6:aiPbMgrSendAck	12	static
../X-CUBE-AI/App/aiPbMgr.c:121:6:aiPbMgrWaitAck	24	static
../X-CUBE-AI/App/aiPbMgr.c:130:6:aiPbMgrSendLog	40	static
../X-CUBE-AI/App/aiPbMgr.c:152:6:aiPbMgrSendLogV2	32	static
../X-CUBE-AI/App/aiPbMgr.c:184:10:aiPbAiBufferSize	0	static
../X-CUBE-AI/App/aiPbMgr.c:298:6:aiPbMgrReceiveAiBuffer3	80	static
../X-CUBE-AI/App/aiPbMgr.c:344:6:aiPbMgrSendAiBuffer4	48	static
../X-CUBE-AI/App/aiPbMgr.c:406:6:aiPbCmdSync	4	static
../X-CUBE-AI/App/aiPbMgr.c:427:6:aiPbCmdSysInfo	16	static
../X-CUBE-AI/App/aiPbMgr.c:516:6:aiPbStrCopy	32	static
../X-CUBE-AI/App/aiPbMgr.c:533:10:aiPbVersionToUint32	0	static
../X-CUBE-AI/App/aiPbMgr.c:542:6:aiPbMgrSendNNInfo	112	static
