../X-CUBE-AI/App/aiTestUtility.h:296:22:dwtIpInit	0	static
../X-CUBE-AI/App/aiTestUtility.h:371:22:cyclesCounterStart	8	static
../X-CUBE-AI/App/aiTestUtility.h:388:26:cyclesCounterEnd	24	static
../X-CUBE-AI/App/aiValidation.c:141:15:aiOnExecNode_cb	128	static
../X-CUBE-AI/App/aiValidation.c:356:36:aiExecCtx	24	static
../X-CUBE-AI/App/aiValidation.c:486:6:aiPbCmdNNInfo	24	static
../X-CUBE-AI/App/aiValidation.c:501:6:aiPbCmdNNRun	192	static
../X-CUBE-AI/App/aiValidation.c:613:5:aiValidationInit	32	static
../X-CUBE-AI/App/aiValidation.c:626:5:aiValidationProcess	40	static
../X-CUBE-AI/App/aiValidation.c:657:6:aiValidationDeInit	8	static
